rafaelbeirigo@LTI-PROJETO-TM:~cd ql
rafaelbeirigo@LTI-PROJETO-TM:~/ql$ git branch
  master
* probabilistic
rafaelbeirigo@LTI-PROJETO-TM:~/ql$ git checkout master
Switched to branch 'master'
Your branch is ahead of 'origin/master' by 1 commit.
rafaelbeirigo@LTI-PROJETO-TM:~/ql$ git branch
* master
  probabilistic
rafaelbeirigo@LTI-PROJETO-TM:~/ql$ cd ql
bash: cd: ql: No such file or directory
rafaelbeirigo@LTI-PROJETO-TM:~/ql$ cd ..
rafaelbeirigo@LTI-PROJETO-TM:~$ git checkout probabilistic
fatal: Not a git repository (or any of the parent directories): .git
rafaelbeirigo@LTI-PROJETO-TM:~$ cd ql
rafaelbeirigo@LTI-PROJETO-TM:~/ql$ git checkout probabilistic
Switched to branch 'probabilistic'
rafaelbeirigo@LTI-PROJETO-TM:~/ql$ git checkout master
Switched to branch 'master'
Your branch is ahead of 'origin/master' by 1 commit.
rafaelbeirigo@LTI-PROJETO-TM:~/ql$ git checkout probabilistic
Switched to branch 'probabilistic'
rafaelbeirigo@LTI-PROJETO-TM:~/ql$ git checkout master
Switched to branch 'master'
Your branch is ahead of 'origin/master' by 1 commit.
rafaelbeirigo@LTI-PROJETO-TM:~/ql$ history | grep ooffice
   19  history | grep ooffice
   20  ooffice "-accept=socket,host=localhost,port=8100;urp;"
   29  ooffice "-accept=socket,host=localhost,port=8100;urp;"
   32  ooffice "-accept=socket,host=localhost,port=8100;urp;"
   35  ooffice "-accept=socket,host=localhost,port=8100;urp;"
   41  ooffice 
   42  ooffice --verbose
   43  ooffice -v
   44  ooffice --debug
   71  history | grep ooffice
   72  ooffice "-accept=socket,host=localhost,port=8100;urp;"
  109  history | grep ooffice
  110  ooffice "-accept=socket,host=localhost,port=8100;urp;"
  115  ooffice "-accept=socket,host=localhost,port=8100;urp;"
  474  history | grep ooffice
  513  history | grep ooffice
rafaelbeirigo@LTI-PROJETO-TM:~/ql$ ooffice "-accept=socket,host=localhost,port=8100;urp;"
rafaelbeirigo@LTI-PROJETO-TM:~/ql$ cd tools/
rafaelbeirigo@LTI-PROJETO-TM:~/ql/tools$ ./solveMDPinSpreadSheet.sh ../experiments/50/
apagando politica presente na planilha...
feito
criando arquivos do MDP com base na planilha...
feito
resolvendo o MDP...
Running experiment 1 of 1
  C-c C-cTraceback (most recent call last):
  File "../RL-QL.py", line 70, in <module>
    main()
  File "../RL-QL.py", line 41, in main
    W, Ws = myQLearning.execute()
  File "/home/rafaelbeirigo/Dropbox/IC-Rafael/QLearning/python/QLearning.py", line 69, in execute
    a = myAgent.selectBestAction(s, Q)
  File "/home/rafaelbeirigo/Dropbox/IC-Rafael/QLearning/python/Agent.py", line 82, in selectBestAction
    a = self.selectBestActionByValue(s, Q)
  File "/home/rafaelbeirigo/Dropbox/IC-Rafael/QLearning/python/Agent.py", line 34, in selectBestActionByValue
    A = self.obtainPossibleActions()
KeyboardInterrupt
feito
passando politica pra planilha...
Traceback (most recent call last):
  File "policy2spreadsheet.py", line 48, in <module>
    main()
  File "policy2spreadsheet.py", line 21, in main
    f = open(sys.argv[1] + 'policy.out')
IOError: [Errno 2] No such file or directory: '../experiments/50/policy.out'
feito
rafaelbeirigo@LTI-PROJETO-TM:~/ql/tools$ ./solveMDPinSpreadSheet.sh ../experiments/50/
apagando politica presente na planilha...
feito
criando arquivos do MDP com base na planilha...
feito
resolvendo o MDP...
Running experiment 1 of 10
Running experiment 2 of 10
Running experiment 3 of 10
Running experiment 4 of 10
Running experiment 5 of 10
Running experiment 6 of 10
Running experiment 7 of 10
Running experiment 8 of 10
Running experiment 9 of 10
Running experiment 10 of 10
feito
passando politica pra planilha...
feito
rafaelbeirigo@LTI-PROJETO-TM:~/ql/tools$ cd ..
rafaelbeirigo@LTI-PROJETO-TM:~/ql$ ./RL-PRQL.py experiments/50/PRQL\ det/
Running experiment 1 of 10
pr:  1977 ql:  23
Running experiment 2 of 10
pr:  1968 ql:  32
Running experiment 3 of 10
pr:  1971 ql:  29
Running experiment 4 of 10
pr:  1972 ql:  28
Running experiment 5 of 10
pr:  1974 ql:  26
Running experiment 6 of 10
pr:  1978 ql:  22
Running experiment 7 of 10
pr:  1980 ql:  20
Running experiment 8 of 10
pr:  1973 ql:  27
Running experiment 9 of 10
pr:  1973 ql:  27
Running experiment 10 of 10
pr:  1978 ql:  22
rafaelbeirigo@LTI-PROJETO-TM:~/ql
rafaelbeirigo@LTI-PROJETO-TM:~/ql$ cd Downloads/  C-c C-c
rafaelbeirigo@LTI-PROJETO-TM:~/ql$ git checkout probabilistic
error: You have local changes to 'Agent.pyc'; cannot switch branches.
rafaelbeirigo@LTI-PROJETO-TM:~/ql$ git commit -a   C-u C-c C-c
rafaelbeirigo@LTI-PROJETO-TM:~/ql$ git add *
rafaelbeirigo@LTI-PROJETO-TM:~/ql$ git commit -a -m 'asldjflaksjdf'
[master fb6023e] asldjflaksjdf
 27 files changed, 13480 insertions(+), 5 deletions(-)
 mode change 100755 => 100644 Agent.pyc
 mode change 100755 => 100644 PRQLearning.pyc
 mode change 100755 => 100644 QLearning.pyc
 create mode 100644 experiments/49/.~lock.world.ods#
 create mode 100644 experiments/50/PRQL det/Q.out
 create mode 100644 experiments/50/PRQL det/actions.in
 create mode 100644 experiments/50/PRQL det/goals.in
 create mode 100644 experiments/50/PRQL det/log.txt
 create mode 100644 experiments/50/PRQL det/parameters.out
 create mode 100644 experiments/50/PRQL det/policies/policy.out
 create mode 100644 experiments/50/PRQL det/policy.out
 create mode 100644 experiments/50/PRQL det/rewards.in
 create mode 100644 experiments/50/PRQL det/states.in
 create mode 100644 experiments/50/PRQL det/transitions.in
 create mode 100644 experiments/50/PRQL det/w.out
 create mode 100644 experiments/50/QL/Q.out
 create mode 100644 experiments/50/QL/actions.in
 create mode 100644 experiments/50/QL/goals.in
 create mode 100644 experiments/50/QL/parameters.out
 create mode 100644 experiments/50/QL/policy.out
 create mode 100644 experiments/50/QL/rewards.in
 create mode 100644 experiments/50/QL/states.in
 create mode 100644 experiments/50/QL/transitions.in
 create mode 100644 experiments/50/QL/w.out
rafaelbeirigo@LTI-PROJETO-TM:~/ql$ git checkout probabilistic
Switched to branch 'probabilistic'
rafaelbeirigo@LTI-PROJETO-TM:~/ql$ ipython
Python 2.6.5 (r265:79063, Apr 16 2010, 13:57:41) 
Type "copyright", "credits" or "license" for more information.

IPython 0.10 -- An enhanced Interactive Python.
?         -> Introduction and overview of IPython's features.
%quickref -> Quick reference.
help      -> Python's own help system.
object?   -> Details about 'object'. ?object also works, ?? prints more.

[0;32mIn [[1;32m1[0;32m]: [0m

[0;32mIn [[1;32m2[0;32m]: [0m

[0;32mIn [[1;32m3[0;32m]: [0m

[0;32mIn [[1;32m4[0;32m]: [0m

[0;32mIn [[1;32m5[0;32m]: [0m

[0;32mIn [[1;32m6[0;32m]: [0m
Do you really want to exit ([y]/n)? 
rafaelbeirigo@LTI-PROJETO-TM:~/ql$ git branch
  master
* probabilistic
rafaelbeirigo@LTI-PROJETO-TM:~/ql$ git checkout master
error: You have local changes to 'tools/plotaOBixin.pyc'; cannot switch branches.
rafaelbeirigo@LTI-PROJETO-TM:~/ql$ git commit -a -m 'askdjflkasjdf'
[probabilistic 9a544de] askdjflkasjdf
 15 files changed, 1 insertions(+), 11716 deletions(-)
 delete mode 100644 experiments/49/PRQL prob/Q.out
 delete mode 100644 experiments/49/PRQL prob/actions.in
 delete mode 100644 experiments/49/PRQL prob/goals.in
 delete mode 100644 experiments/49/PRQL prob/log.txt
 delete mode 100644 experiments/49/PRQL prob/parameters.out
 delete mode 100644 experiments/49/PRQL prob/policies/badPolicy.out
 delete mode 100644 experiments/49/PRQL prob/policies/badPolicy.out~
 delete mode 100644 experiments/49/PRQL prob/policies/policy.out~
 delete mode 100644 experiments/49/PRQL prob/policy.out
 delete mode 100644 experiments/49/PRQL prob/rewards.in
 delete mode 100644 experiments/49/PRQL prob/states.in
 delete mode 100644 experiments/49/PRQL prob/transitions.in
 delete mode 100644 experiments/49/PRQL prob/w.out
 mode change 100755 => 100644 tools/plotaOBixin.pyc
rafaelbeirigo@LTI-PROJETO-TM:~/ql$ git checkout master
Switched to branch 'master'
Your branch is ahead of 'origin/master' by 2 commits.
rafaelbeirigo@LTI-PROJETO-TM:~/ql$ git checkout probabilistic
Switched to branch 'probabilistic'
rafaelbeirigo@LTI-PROJETO-TM:~/ql$ git checkout master
Switched to branch 'master'
Your branch is ahead of 'origin/master' by 2 commits.
rafaelbeirigo@LTI-PROJETO-TM:~/ql$ git branch
* master
  probabilistic
rafaelbeirigo@LTI-PROJETO-TM:~/ql$ git checkout probabilistic
Switched to branch 'probabilistic'
rafaelbeirigo@LTI-PROJETO-TM:~/ql$ git branch
  master
* probabilistic
rafaelbeirigo@LTI-PROJETO-TM:~/ql$ git branch
  master
* probabilistic
rafaelbeirigo@LTI-PROJETO-TM:~/ql$ ./RL-PRQL.py experiments/51/PRQL/
Running experiment 1 of 10
Traceback (most recent call last):
  File "./RL-PRQL.py", line 73, in <module>
    main()
  File "./RL-PRQL.py", line 47, in main
    filePath         = filePath)
  File "/home/rafaelbeirigo/Dropbox/IC-Rafael/QLearning/python/PRQLearning.py", line 41, in __init__
    self.L = self.loadPolicies()
  File "/home/rafaelbeirigo/Dropbox/IC-Rafael/QLearning/python/PRQLearning.py", line 250, in loadPolicies
    Pi = self.loadPolicy(policiesPath + '/' + policyFile)
  File "/home/rafaelbeirigo/Dropbox/IC-Rafael/QLearning/python/PRQLearning.py", line 270, in loadPolicy
    s, a, p = line.rstrip('\n').split(' ')
ValueError: need more than 2 values to unpack
rafaelbeirigo@LTI-PROJETO-TM:~/ql$ ./RL-PRQL.py experiments/51/PRQL/
Running experiment 1 of 10
Traceback (most recent call last):
  File "./RL-PRQL.py", line 73, in <module>
    main()
  File "./RL-PRQL.py", line 47, in main
    filePath         = filePath)
  File "/home/rafaelbeirigo/Dropbox/IC-Rafael/QLearning/python/PRQLearning.py", line 41, in __init__
    self.L = self.loadPolicies()
  File "/home/rafaelbeirigo/Dropbox/IC-Rafael/QLearning/python/PRQLearning.py", line 250, in loadPolicies
    Pi = self.loadPolicy(policiesPath + '/' + policyFile)
  File "/home/rafaelbeirigo/Dropbox/IC-Rafael/QLearning/python/PRQLearning.py", line 270, in loadPolicy
    s, a, p = line.rstrip('\n').split(' ')
ValueError: need more than 2 values to unpack
rafaelbeirigo@LTI-PROJETO-TM:~/ql$ cat experiments/51/PRQL/policies/policy.task1.out
row1col1 East 1.0
row1col2 South 1.0
row1col3 South 1.0
row1col4 South 1.0
row1col5 South 1.0
row1col7 South 1.0
row1col8 East 1.0
row1col9 South 1.0
row1col10 South 1.0
row1col11 West 1.0
row1col13 South 1.0
row1col14 South 1.0
row1col15 South 1.0
row1col16 South 1.0
row1col18 South 1.0
row1col19 West 1.0
row1col20 West 1.0
row1col21 West 1.0
row1col22 West 1.0
row2col1 East 1.0
row2col2 South 1.0
row2col3 East 1.0
row2col4 South 1.0
row2col5 South 1.0
row2col7 South 1.0
row2col8 East 1.0
row2col9 South 1.0
row2col10 West 1.0
row2col11 West 1.0
row2col13 East 1.0
row2col14 East 1.0
row2col15 West 1.0
row2col16 West 1.0
row2col17 West 1.0
row2col18 West 1.0
row2col19 West 1.0
row2col20 West 1.0
row2col21 West 1.0
row2col22 West 1.0
row3col1 East 1.0
row3col2 East 1.0
row3col3 East 1.0
row3col4 East 1.0
row3col5 South 1.0
row3col7 East 1.0
row3col8 East 1.0
row3col9 South 1.0
row3col10 West 1.0
row3col11 West 1.0
row3col13 East 1.0
row3col14 East 1.0
row3col15 North 1.0
row3col16 West 1.0
row3col18 North 1.0
row3col19 West 1.0
row3col20 West 1.0
row3col21 West 1.0
row3col22 West 1.0
row4col5 South 1.0
row4col9 South 1.0
row4col13 North 1.0
row5col1 East 1.0
row5col2 South 1.0
row5col3 South 1.0
row5col5 East 1.0
row5col6 East 1.0
row5col7 East 1.0
row5col8 East 1.0
row5col9 East 1.0
row5col10 East 1.0
row5col11 East 1.0
row5col12 East 1.0
row5col13 North 1.0
row5col14 West 1.0
row5col15 West 1.0
row5col16 West 1.0
row5col17 West 1.0
row5col18 West 1.0
row5col20 South 1.0
row5col21 South 1.0
row5col22 South 1.0
row6col1 East 1.0
row6col2 South 1.0
row6col3 South 1.0
row6col5 East 1.0
row6col6 North 1.0
row6col7 North 1.0
row6col8 North 1.0
row6col9 East 1.0
row6col10 North 1.0
row6col11 North 1.0
row6col12 North 1.0
row6col13 North 1.0
row6col14 North 1.0
row6col15 North 1.0
row6col16 West 1.0
row6col17 North 1.0
row6col18 West 1.0
row6col19 West 1.0
row6col20 West 1.0
row6col21 West 1.0
row6col22 West 1.0
row7col1 East 1.0
row7col2 East 1.0
row7col3 South 1.0
row7col5 East 1.0
row7col6 North 1.0
row7col10 North 1.0
row7col17 North 1.0
row7col18 West 1.0
row7col20 North 1.0
row7col21 North 1.0
row7col22 North 1.0
row8col1 East 1.0
row8col2 East 1.0
row8col3 East 1.0
row8col4 East 1.0
row8col5 East 1.0
row8col6 North 1.0
row8col8 East 1.0
row8col9 East 1.0
row8col10 North 1.0
row8col11 West 1.0
row8col12 West 1.0
row8col13 West 1.0
row8col14 West 1.0
row8col15 West 1.0
row8col17 North 1.0
row8col18 North 1.0
row9col5 East 1.0
row9col6 North 1.0
row9col8 North 1.0
row9col9 East 1.0
row9col10 North 1.0
row9col11 North 1.0
row9col12 North 1.0
row9col13 West 1.0
row9col14 North 1.0
row9col15 West 1.0
row9col17 North 1.0
row9col18 West 1.0
row9col20 East 1.0
row9col21 South 1.0
row9col22 West 1.0
row10col1 East 1.0
row10col2 East 1.0
row10col3 South 1.0
row10col5 East 1.0
row10col6 North 1.0
row10col17 North 1.0
row10col18 West 1.0
row10col20 East 1.0
row10col21 South 1.0
row10col22 West 1.0
row11col1 East 1.0
row11col2 East 1.0
row11col3 East 1.0
row11col4 East 1.0
row11col5 East 1.0
row11col6 North 1.0
row11col8 East 1.0
row11col9 South 1.0
row11col10 West 1.0
row11col12 East 1.0
row11col13 South 1.0
row11col14 East 1.0
row11col15 South 1.0
row11col17 North 1.0
row11col18 West 1.0
row11col20 East 1.0
row11col21 South 1.0
row11col22 West 1.0
row12col1 East 1.0
row12col2 East 1.0
row12col3 North 1.0
row12col5 East 1.0
row12col6 North 1.0
row12col8 East 1.0
row12col9 South 1.0
row12col10 West 1.0
row12col12 East 1.0
row12col13 East 1.0
row12col14 East 1.0
row12col15 East 1.0
row12col16 East 1.0
row12col17 North 1.0
row12col18 West 1.0
row12col20 East 1.0
row12col21 South 1.0
row12col22 West 1.0
row13col5 East 1.0
row13col6 North 1.0
row13col9 South 1.0
row13col17 North 1.0
row13col18 West 1.0
row13col21 South 1.0
row14col1 East 1.0
row14col2 East 1.0
row14col3 East 1.0
row14col4 East 1.0
row14col5 North 1.0
row14col6 North 1.0
row14col7 West 1.0
row14col8 West 1.0
row14col9 West 1.0
row14col10 West 1.0
row14col11 West 1.0
row14col12 East 1.0
row14col13 East 1.0
row14col14 East 1.0
row14col15 East 1.0
row14col16 East 1.0
row14col17 North 1.0
row14col18 North 1.0
row14col19 West 1.0
row14col20 West 1.0
row14col21 West 1.0
row14col22 West 1.0
row15col1 East 1.0
row15col2 North 1.0
row15col3 East 1.0
row15col4 East 1.0
row15col5 East 1.0
row15col6 North 1.0
row15col7 West 1.0
row15col8 North 1.0
row15col9 West 1.0
row15col10 West 1.0
row15col11 East 1.0
row15col12 East 1.0
row15col13 East 1.0
row15col14 East 1.0
row15col15 East 1.0
row15col16 East 1.0
row15col17 North 1.0
row15col18 West 1.0
row15col19 North 1.0
row15col20 North 1.0
row15col21 West 1.0
row15col22 North 1.0
row16col2 North 1.0
row16col7 North 1.0
row16col15 North 1.0
row17col1 East 1.0
row17col2 North 1.0
row17col3 West 1.0
row17col4 West 1.0
row17col6 East 1.0
row17col7 North 1.0
row17col8 West 1.0
row17col9 West 1.0
row17col10 West 1.0
row17col11 West 1.0
row17col13 East 1.0
row17col14 East 1.0
row17col15 North 1.0
row17col16 West 1.0
row17col18 South 1.0
row17col19 South 1.0
row17col20 South 1.0
row17col21 South 1.0
row17col22 South 1.0
row18col1 North 1.0
row18col2 North 1.0
row18col3 North 1.0
row18col4 North 1.0
row18col6 East 1.0
row18col7 North 1.0
row18col8 West 1.0
row18col9 West 1.0
row18col10 West 1.0
row18col11 West 1.0
row18col13 East 1.0
row18col14 North 1.0
row18col15 North 1.0
row18col16 West 1.0
row18col17 West 1.0
row18col18 West 1.0
row18col19 West 1.0
row18col20 West 1.0
row18col21 West 1.0
row18col22 West 1.0
row19col1 North 1.0
row19col2 North 1.0
row19col3 North 1.0
row19col4 North 1.0
row19col6 East 1.0
row19col7 North 1.0
row19col8 North 1.0
row19col9 West 1.0
row19col10 North 1.0
row19col11 West 1.0
row19col13 East 1.0
row19col14 East 1.0
row19col15 North 1.0
row19col16 North 1.0
row19col18 North 1.0
row19col19 North 1.0
row19col20 North 1.0
row19col21 West 1.0
row19col22 North 1.0
rafaelbeirigo@LTI-PROJETO-TM:~/ql$ ./RL-PRQL.py experiments/51/PRQL/
Running experiment 1 of 10
Traceback (most recent call last):
  File "./RL-PRQL.py", line 73, in <module>
    main()
  File "./RL-PRQL.py", line 47, in main
    filePath         = filePath)
  File "/home/rafaelbeirigo/Dropbox/IC-Rafael/QLearning/python/PRQLearning.py", line 41, in __init__
    self.L = self.loadPolicies()
  File "/home/rafaelbeirigo/Dropbox/IC-Rafael/QLearning/python/PRQLearning.py", line 250, in loadPolicies
    Pi = self.loadPolicy(policiesPath + '/' + policyFile)
  File "/home/rafaelbeirigo/Dropbox/IC-Rafael/QLearning/python/PRQLearning.py", line 270, in loadPolicy
    s, a, p = line.rstrip('\n').split(' ')
ValueError: need more than 2 values to unpack
rafaelbeirigo@LTI-PROJETO-TM:~/ql$ ./RL-PRQL.py experiments/51/PRQL/
Running experiment 1 of 10
Traceback (most recent call last):
  File "./RL-PRQL.py", line 73, in <module>
    main()
  File "./RL-PRQL.py", line 47, in main
    filePath         = filePath)
  File "/home/rafaelbeirigo/Dropbox/IC-Rafael/QLearning/python/PRQLearning.py", line 41, in __init__
    self.L = self.loadPolicies()
  File "/home/rafaelbeirigo/Dropbox/IC-Rafael/QLearning/python/PRQLearning.py", line 250, in loadPolicies
    Pi = self.loadPolicy(policiesPath + '/' + policyFile)
  File "/home/rafaelbeirigo/Dropbox/IC-Rafael/QLearning/python/PRQLearning.py", line 270, in loadPolicy
    s, a, p = line.rstrip('\n').split(' ')
ValueError: need more than 2 values to unpack
rafaelbeirigo@LTI-PROJETO-TM:~/ql$ ./RL-PRQL.py experiments/51/PRQL/
Running experiment 1 of 10
pr:  1904 ql:  96
Running experiment 2 of 10
pr:  1883 ql:  117
Running experiment 3 of 10
pr:  1895 ql:  105
Running experiment 4 of 10
pr:  1887 ql:  113
Running experiment 5 of 10
pr:  1860 ql:  140
Running experiment 6 of 10
pr:  1848 ql:  152
Running experiment 7 of 10
pr:  1893 ql:  107
Running experiment 8 of 10
pr:  1911 ql:  89
Running experiment 9 of 10
pr:  1896 ql:  104
Running experiment 10 of 10
pr:  1869 ql:  131
rafaelbeirigo@LTI-PROJETO-TM:~/ql$ 